# VARIANT of wsl-deps.gallery-scenes.map for the meal-texture test (seventh pass).
# The "Lunch is served" gallery pass (Features/10-gallery-scenes.feature) on Nelim's sanctuary (Nelims-tribe), PickleTools docs/GALERIE.md.
# Every pawn picture uses Venus Touch Waistlines + TailorMade and the legless body retexture (owner, 2026-10-07): the same list as
# APerfectMindInAPerfectBody/Tests/Pickle/wsl-deps.gallery-tmw.map and TailorMadeWaistlines/Tests/Pickle/wsl-deps.gallery.map, whose seeds are copied
# into config/gallery-scenes/ (AB's trousers need theirs; Venus Touch's has the full-body shirt option ON).
# Female Body Variants and Female Apparel Variants load BEFORE WDI (WDI declares loadAfter on both); TailorMade after the body mods.
# Food Texture Variety (FaintingGoat, 3354456321, needs Core 3354455179) instead of Rustic Meal Retexture: tries different bowls per meal. Same pass otherwise.
# Development-only companions, never dependencies of Mod/About/About.xml.
# Select with -DepMap wsl-deps.gallery-scenes.map -Filter 10-gallery-scenes.feature.
nelim.pickletools.screenshotmode   path:PickleTools/ScreenshotMode/Mod
nelim.pickletools.screenshotstudio path:PickleTools/ScreenshotStudio/Mod
nelim.pickletools.camerazoom       path:PickleTools/CameraZoom/Mod
nelim.pickletools.stagedecor       path:PickleTools/StageDecor/Mod
nelim.pickletools.clearscreen      path:PickleTools/ClearScreen/Mod
nelim.pickletools.inspecttabs      path:PickleTools/InspectTabs/Mod
nelim.pickletools.coatsteps        path:PickleTools/CoatSteps/Mod
nelim.pickletools.colonistrace     path:PickleTools/ColonistRace/Mod
# The bundle is committed under PickleTools/Mod: this shell replaces it, so the tools above are the only copy of their steps (see StandaloneBase).
nelim.pickletools                  path:PickleTools/Tests/Pickle/StandaloneBase/Mod
tiagocc0.FemaleBodyVariants        3798082132
tiagocc0.FemaleApparelVariants     3799726535
wdi.realistic.bodies               3527486510
ab.vplrf                           2986402536
astryl.tailormade                  3756915448
nelim.venustouch.waistlines        path:TailorMadeWaistlines/Mod
Goat.Food.Texture.Variety.Core      3354455179
Goat.Food.Texture.Variety           3354456321
